// Jest Snapshot v1, https://goo.gl/fbAQLP

exports[`TagsListTemplate renders correctly 1`] = `
<div
  className="layout"
>
  <div
    className="sidebar"
  >
    <div
      className="sidebar__inner"
    >
      <div
        className="author"
      >
        <h2
          className="author__title"
        >
          <a
            className="author__title-link"
            href="/"
          >
            Test name
          </a>
        </h2>
      </div>
    </div>
  </div>
  <div
    className="page"
  >
    <div
      className="page__inner"
    >
      <h1
        className="page__title"
      >
        Tags
      </h1>
      <div
        className="page__body"
      >
        <ul>
          <li>
            <a
              href="/tag/test-0/"
            >
              test_0
               (
              1
              )
            </a>
          </li>
          <li>
            <a
              href="/tag/test-1/"
            >
              test_1
               (
              2
              )
            </a>
          </li>
        </ul>
      </div>
    </div>
  </div>
</div>
`;
