// Jest Snapshot v1, https://goo.gl/fbAQLP

exports[`Sidebar renders correctly 1`] = `
<div
  className="sidebar"
>
  <div
    className="sidebar__inner"
  >
    <div
      className="author"
    >
      <h1
        className="author__title"
      >
        <a
          className="author__title-link"
          href="/"
        >
          Test name
        </a>
      </h1>
    </div>
  </div>
</div>
`;
