// Jest Snapshot v1, https://goo.gl/fbAQLP

exports[`Author renders correctly 1`] = `
<div>
  <p>
    Whatever comes to my mind.
    <a
      href="#"
      rel="noopener noreferrer"
      target="_blank"
    >
      <strong>
        Stefano Chiodino
      </strong>
       on Twitter
    </a>
  </p>
</div>
`;
